<html>
<body>
<pre>
<h1>礦ision Build Log</h1>
<h2>Tool Versions:</h2>
IDE-Version: μVision V5.15
Copyright (C) 2015 ARM Ltd and ARM Germany GmbH. All rights reserved.
License Information: sa admin, sa, LIC=LSNMM-XTJJH-FI252-9G7BA-9EMBD-A7HKD
 
Tool Versions:
Toolchain:       MDK-ARM Standard  Version: 5.15.0
Toolchain Path:  C:\Keil_v5\ARM\ARMCC\Bin
C Compiler:      Armcc.exe V5.05 update 2 (build 169)
Assembler:       Armasm.exe V5.05 update 2 (build 169)
Linker/Locator:  ArmLink.exe V5.05 update 2 (build 169)
Library Manager: ArmAr.exe V5.05 update 2 (build 169)
Hex Converter:   FromElf.exe V5.05 update 2 (build 169)
CPU DLL:         SARMCM3.DLL V5.15.0
Dialog DLL:      DCM.DLL V1.13.2.0
Target DLL:      Segger\JL2CM3.dll V2.99.15.0
Dialog DLL:      TCM.DLL V1.14.5.0
 
<h2>Project:</h2>
D:\Products\LightFight\客户资料\LIGHT开源飞控客户资料2017-12-13\8、飞控三方源代码2\LIGHT飞控代码之光流定点(OpenMV串级PID)\F407_FC.uvprojx
Project File Date:  12/13/2017

<h2>Output:</h2>
*** Using Compiler 'V5.05 update 2 (build 169)', folder: 'C:\Keil_v5\ARM\ARMCC\Bin'
Rebuild target 'Anopilot'
compiling main.c...
compiling stm32f4xx_it.c...
compiling scheduler.c...
compiling init.c...
compiling parameter.c...
compiling ctrl.c...
compiling imu.c...
compiling mymath.c...
compiling data_transfer.c...
compiling rc.c...
compiling usb_config.c...
compiling usbd_user_hid.c...
compiling version.c...
compiling filter.c...
compiling height_ctrl.c...
compiling fly_mode.c...
compiling PID.c...
compiling baro_ctrl.c...
compiling time.c...
compiling pwm_in.c...
compiling pwm_out.c...
compiling i2c_soft.c...
compiling mpu6050.c...
compiling ak8975.c...
compiling led.c...
compiling ms5611.c...
compiling usart.c...
compiling usbd_STM32F4xx_FS.c...
compiling drv_w25qxx.c...
compiling ultrasonic.c...
compiling misc.c...
compiling stm32f4xx_adc.c...
compiling stm32f4xx_dbgmcu.c...
compiling stm32f4xx_dma.c...
compiling stm32f4xx_exti.c...
compiling stm32f4xx_flash.c...
compiling stm32f4xx_gpio.c...
compiling stm32f4xx_i2c.c...
compiling stm32f4xx_pwr.c...
compiling stm32f4xx_rcc.c...
compiling stm32f4xx_spi.c...
compiling stm32f4xx_syscfg.c...
compiling stm32f4xx_tim.c...
compiling stm32f4xx_usart.c...
compiling system_stm32f4xx.c...
assembling startup_stm32f4xx.s...
compiling usbd_core.c...
compiling usbd_core_hid.c...
compiling usbd_hid.c...
compiling diskio.c...
compiling ff.c...
linking...
Program Size: Code=97436 RO-data=1076 RW-data=1960 ZI-data=15568  
FromELF: creating hex file...
After Build - User command #1: fromelf --bin .\build\F407_FC.axf --output TEST.ANO
".\build\F407_FC.axf" - 0 Error(s), 0 Warning(s).

<h2>Software Packages used:</h2>

Package Vendor: ARM
                http://www.keil.com/pack/ARM.CMSIS.5.0.1.pack
                ARM::CMSIS:CORE:5.0.1
                CMSIS (Cortex Microcontroller Software Interface Standard)
   * Component: CORE Version: 5.0.1

<h2>Collection of Component include folders:</h2>
  D:\Products\LightFight\客户资料\LIGHT开源飞控客户资料2017-12-13\8、飞控三方源代码2\LIGHT飞控代码之光流定点(OpenMV串级PID)\RTE
  C:\Keil_v5\ARM\PACK\ARM\CMSIS\5.0.1\CMSIS\Include
  C:\Keil_v5\ARM\PACK\Keil\STM32F4xx_DFP\2.11.0\Drivers\CMSIS\Device\ST\STM32F4xx\Include

<h2>Collection of Component Files used:</h2>

   * Component: ARM::CMSIS:CORE:5.0.1
</pre>
</body>
</html>
